// Jest Snapshot v1, https://goo.gl/fbAQLP

exports[`<BusyIndicator /> should render with given props 1`] = `
<View
  style={
    Array [
      Object {
        "alignItems": "center",
        "flex": 1,
        "flexDirection": "row",
        "justifyContent": "space-around",
      },
      Object {
        "height": undefined,
        "paddingHorizontal": NaN,
      },
    ]
  }
>
  <View
    style={
      Object {
        "backgroundColor": "blue",
        "borderRadius": NaN,
        "height": NaN,
        "width": NaN,
      }
    }
  />
  <View
    style={
      Object {
        "backgroundColor": "green",
        "borderRadius": NaN,
        "height": NaN,
        "width": NaN,
      }
    }
  />
  <View
    style={
      Object {
        "backgroundColor": "red",
        "borderRadius": NaN,
        "height": NaN,
        "width": NaN,
      }
    }
  />
  <View
    style={
      Object {
        "backgroundColor": "pink",
        "borderRadius": NaN,
        "height": NaN,
        "width": NaN,
      }
    }
  />
  <View
    style={
      Object {
        "backgroundColor": "black",
        "borderRadius": NaN,
        "height": NaN,
        "width": NaN,
      }
    }
  />
  <View
    style={
      Object {
        "backgroundColor": "grey",
        "borderRadius": NaN,
        "height": NaN,
        "width": NaN,
      }
    }
  />
</View>
`;
